Archive member included to satisfy reference by file (symbol)

D:/stm32ide/STM32CubeIDE_1.17.0/STM32CubeIDE/plugins/com.st.stm32cube.ide.mcu.externaltools.gnu-tools-for-stm32.12.3.rel1.win32_1.1.0.202410251130/tools/bin/../lib/gcc/arm-none-eabi/12.3.1/../../../../arm-none-eabi/lib/thumb/v7e-m+fp/hard\libc_nano.a(libc_a-exit.o)
                              D:/stm32ide/STM32CubeIDE_1.17.0/STM32CubeIDE/plugins/com.st.stm32cube.ide.mcu.externaltools.gnu-tools-for-stm32.12.3.rel1.win32_1.1.0.202410251130/tools/bin/../lib/gcc/arm-none-eabi/12.3.1/../../../../arm-none-eabi/lib/thumb/v7e-m+fp/hard/crt0.o (exit)
D:/stm32ide/STM32CubeIDE_1.17.0/STM32CubeIDE/plugins/com.st.stm32cube.ide.mcu.externaltools.gnu-tools-for-stm32.12.3.rel1.win32_1.1.0.202410251130/tools/bin/../lib/gcc/arm-none-eabi/12.3.1/../../../../arm-none-eabi/lib/thumb/v7e-m+fp/hard\libc_nano.a(libc_a-findfp.o)
                              D:/stm32ide/STM32CubeIDE_1.17.0/STM32CubeIDE/plugins/com.st.stm32cube.ide.mcu.externaltools.gnu-tools-for-stm32.12.3.rel1.win32_1.1.0.202410251130/tools/bin/../lib/gcc/arm-none-eabi/12.3.1/../../../../arm-none-eabi/lib/thumb/v7e-m+fp/hard\libc_nano.a(libc_a-exit.o) (__stdio_exit_handler)
D:/stm32ide/STM32CubeIDE_1.17.0/STM32CubeIDE/plugins/com.st.stm32cube.ide.mcu.externaltools.gnu-tools-for-stm32.12.3.rel1.win32_1.1.0.202410251130/tools/bin/../lib/gcc/arm-none-eabi/12.3.1/../../../../arm-none-eabi/lib/thumb/v7e-m+fp/hard\libc_nano.a(libc_a-fwalk.o)
                              D:/stm32ide/STM32CubeIDE_1.17.0/STM32CubeIDE/plugins/com.st.stm32cube.ide.mcu.externaltools.gnu-tools-for-stm32.12.3.rel1.win32_1.1.0.202410251130/tools/bin/../lib/gcc/arm-none-eabi/12.3.1/../../../../arm-none-eabi/lib/thumb/v7e-m+fp/hard\libc_nano.a(libc_a-findfp.o) (_fwalk_sglue)
D:/stm32ide/STM32CubeIDE_1.17.0/STM32CubeIDE/plugins/com.st.stm32cube.ide.mcu.externaltools.gnu-tools-for-stm32.12.3.rel1.win32_1.1.0.202410251130/tools/bin/../lib/gcc/arm-none-eabi/12.3.1/../../../../arm-none-eabi/lib/thumb/v7e-m+fp/hard\libc_nano.a(libc_a-stdio.o)
                              D:/stm32ide/STM32CubeIDE_1.17.0/STM32CubeIDE/plugins/com.st.stm32cube.ide.mcu.externaltools.gnu-tools-for-stm32.12.3.rel1.win32_1.1.0.202410251130/tools/bin/../lib/gcc/arm-none-eabi/12.3.1/../../../../arm-none-eabi/lib/thumb/v7e-m+fp/hard\libc_nano.a(libc_a-findfp.o) (__sread)
D:/stm32ide/STM32CubeIDE_1.17.0/STM32CubeIDE/plugins/com.st.stm32cube.ide.mcu.externaltools.gnu-tools-for-stm32.12.3.rel1.win32_1.1.0.202410251130/tools/bin/../lib/gcc/arm-none-eabi/12.3.1/../../../../arm-none-eabi/lib/thumb/v7e-m+fp/hard\libc_nano.a(libc_a-memset.o)
                              D:/stm32ide/STM32CubeIDE_1.17.0/STM32CubeIDE/plugins/com.st.stm32cube.ide.mcu.externaltools.gnu-tools-for-stm32.12.3.rel1.win32_1.1.0.202410251130/tools/bin/../lib/gcc/arm-none-eabi/12.3.1/../../../../arm-none-eabi/lib/thumb/v7e-m+fp/hard/crt0.o (memset)
D:/stm32ide/STM32CubeIDE_1.17.0/STM32CubeIDE/plugins/com.st.stm32cube.ide.mcu.externaltools.gnu-tools-for-stm32.12.3.rel1.win32_1.1.0.202410251130/tools/bin/../lib/gcc/arm-none-eabi/12.3.1/../../../../arm-none-eabi/lib/thumb/v7e-m+fp/hard\libc_nano.a(libc_a-closer.o)
                              D:/stm32ide/STM32CubeIDE_1.17.0/STM32CubeIDE/plugins/com.st.stm32cube.ide.mcu.externaltools.gnu-tools-for-stm32.12.3.rel1.win32_1.1.0.202410251130/tools/bin/../lib/gcc/arm-none-eabi/12.3.1/../../../../arm-none-eabi/lib/thumb/v7e-m+fp/hard\libc_nano.a(libc_a-stdio.o) (_close_r)
D:/stm32ide/STM32CubeIDE_1.17.0/STM32CubeIDE/plugins/com.st.stm32cube.ide.mcu.externaltools.gnu-tools-for-stm32.12.3.rel1.win32_1.1.0.202410251130/tools/bin/../lib/gcc/arm-none-eabi/12.3.1/../../../../arm-none-eabi/lib/thumb/v7e-m+fp/hard\libc_nano.a(libc_a-reent.o)
                              D:/stm32ide/STM32CubeIDE_1.17.0/STM32CubeIDE/plugins/com.st.stm32cube.ide.mcu.externaltools.gnu-tools-for-stm32.12.3.rel1.win32_1.1.0.202410251130/tools/bin/../lib/gcc/arm-none-eabi/12.3.1/../../../../arm-none-eabi/lib/thumb/v7e-m+fp/hard\libc_nano.a(libc_a-closer.o) (errno)
D:/stm32ide/STM32CubeIDE_1.17.0/STM32CubeIDE/plugins/com.st.stm32cube.ide.mcu.externaltools.gnu-tools-for-stm32.12.3.rel1.win32_1.1.0.202410251130/tools/bin/../lib/gcc/arm-none-eabi/12.3.1/../../../../arm-none-eabi/lib/thumb/v7e-m+fp/hard\libc_nano.a(libc_a-impure.o)
                              D:/stm32ide/STM32CubeIDE_1.17.0/STM32CubeIDE/plugins/com.st.stm32cube.ide.mcu.externaltools.gnu-tools-for-stm32.12.3.rel1.win32_1.1.0.202410251130/tools/bin/../lib/gcc/arm-none-eabi/12.3.1/../../../../arm-none-eabi/lib/thumb/v7e-m+fp/hard\libc_nano.a(libc_a-reent.o) (_impure_ptr)
D:/stm32ide/STM32CubeIDE_1.17.0/STM32CubeIDE/plugins/com.st.stm32cube.ide.mcu.externaltools.gnu-tools-for-stm32.12.3.rel1.win32_1.1.0.202410251130/tools/bin/../lib/gcc/arm-none-eabi/12.3.1/../../../../arm-none-eabi/lib/thumb/v7e-m+fp/hard\libc_nano.a(libc_a-lseekr.o)
[...]
Memory Configuration

Name             Origin             Length             Attributes
CCMRAM           0x10000000         0x00010000         xrw
RAM              0x20000000         0x00020000         xrw
FLASH            0x08000000         0x00100000         xr
*default*        0x00000000         0xffffffff

Linker script and memory map

LOAD D:/stm32ide/STM32CubeIDE_1.17.0/STM32CubeIDE/plugins/com.st.stm32cube.ide.mcu.externaltools.gnu-tools-for-stm32.12.3.rel1.win32_1.1.0.202410251130/tools/bin/../lib/gcc/arm-none-eabi/12.3.1/thumb/v7e-m+fp/hard/crti.o
LOAD D:/stm32ide/STM32CubeIDE_1.17.0/STM32CubeIDE/plugins/com.st.stm32cube.ide.mcu.externaltools.gnu-tools-for-stm32.12.3.rel1.win32_1.1.0.202410251130/tools/bin/../lib/gcc/arm-none-eabi/12.3.1/thumb/v7e-m+fp/hard/crtbegin.o
LOAD D:/stm32ide/STM32CubeIDE_1.17.0/STM32CubeIDE/plugins/com.st.stm32cube.ide.mcu.externaltools.gnu-tools-for-stm32.12.3.rel1.win32_1.1.0.202410251130/tools/bin/../lib/gcc/arm-none-eabi/12.3.1/../../../../arm-none-eabi/lib/thumb/v7e-m+fp/hard/crt0.o
LOAD ./Core/Src/FLASH_SECTOR_F4.o
LOAD ./Core/Src/MY_FLASH.o
LOAD ./Core/Src/main.o
LOAD ./Core/Src/stm32f4xx_hal_msp.o
LOAD ./Core/Src/stm32f4xx_it.o
LOAD ./Core/Src/syscalls.o
LOAD ./Core/Src/sysmem.o
LOAD ./Core/Src/system_stm32f4xx.o
LOAD ./Core/Startup/startup_stm32f407vgtx.o
LOAD ./Drivers/STM32F4xx_HAL_Driver/Src/stm32f4xx_hal.o
LOAD ./Drivers/STM32F4xx_HAL_Driver/Src/stm32f4xx_hal_cortex.o
LOAD ./Drivers/STM32F4xx_HAL_Driver/Src/stm32f4xx_hal_dma.o
LOAD ./Drivers/STM32F4xx_HAL_Driver/Src/stm32f4xx_hal_dma_ex.o
LOAD ./Drivers/STM32F4xx_HAL_Driver/Src/stm32f4xx_hal_exti.o
LOAD ./Drivers/STM32F4xx_HAL_Driver/Src/stm32f4xx_hal_flash.o
LOAD ./Drivers/STM32F4xx_HAL_Driver/Src/stm32f4xx_hal_flash_ex.o
LOAD ./Drivers/STM32F4xx_HAL_Driver/Src/stm32f4xx_hal_flash_ramfunc.o
LOAD ./Drivers/STM32F4xx_HAL_Driver/Src/stm32f4xx_hal_gpio.o
LOAD ./Drivers/STM32F4xx_HAL_Driver/Src/stm32f4xx_hal_pwr.o
LOAD ./Drivers/STM32F4xx_HAL_Driver/Src/stm32f4xx_hal_pwr_ex.o
LOAD ./Drivers/STM32F4xx_HAL_Driver/Src/stm32f4xx_hal_rcc.o
LOAD ./Drivers/STM32F4xx_HAL_Driver/Src/stm32f4xx_hal_rcc_ex.o
START GROUP
LOAD D:/stm32ide/STM32CubeIDE_1.17.0/STM32CubeIDE/plugins/com.st.stm32cube.ide.mcu.externaltools.gnu-tools-for-stm32.12.3.rel1.win32_1.1.0.202410251130/tools/bin/../lib/gcc/arm-none-eabi/12.3.1/../../../../arm-none-eabi/lib/thumb/v7e-m+fp/hard\libc_nano.a
LOAD D:/stm32ide/STM32CubeIDE_1.17.0/STM32CubeIDE/plugins/com.st.stm32cube.ide.mcu.externaltools.gnu-tools-for-stm32.12.3.rel1.win32_1.1.0.202410251130/tools/bin/../lib/gcc/arm-none-eabi/12.3.1/../../../../arm-none-eabi/lib/thumb/v7e-m+fp/hard\libm.a
END GROUP
START GROUP
LOAD D:/stm32ide/STM32CubeIDE_1.17.0/STM32CubeIDE/plugins/com.st.stm32cube.ide.mcu.externaltools.gnu-tools-for-stm32.12.3.rel1.win32_1.1.0.202410251130/tools/bin/../lib/gcc/arm-none-eabi/12.3.1/thumb/v7e-m+fp/hard\libgcc.a
LOAD D:/stm32ide/STM32CubeIDE_1.17.0/STM32CubeIDE/plugins/com.st.stm32cube.ide.mcu.externaltools.gnu-tools-for-stm32.12.3.rel1.win32_1.1.0.202410251130/tools/bin/../lib/gcc/arm-none-eabi/12.3.1/../../../../arm-none-eabi/lib/thumb/v7e-m+fp/hard\libc_nano.a
END GROUP
START GROUP
LOAD D:/stm32ide/STM32CubeIDE_1.17.0/STM32CubeIDE/plugins/com.st.stm32cube.ide.mcu.externaltools.gnu-tools-for-stm32.12.3.rel1.win32_1.1.0.202410251130/tools/bin/../lib/gcc/arm-none-eabi/12.3.1/thumb/v7e-m+fp/hard\libgcc.a
LOAD D:/stm32ide/STM32CubeIDE_1.17.0/STM32CubeIDE/plugins/com.st.stm32cube.ide.mcu.externaltools.gnu-tools-for-stm32.12.3.rel1.win32_1.1.0.202410251130/tools/bin/../lib/gcc/arm-none-eabi/12.3.1/../../../../arm-none-eabi/lib/thumb/v7e-m+fp/hard\libc_nano.a
LOAD D:/stm32ide/STM32CubeIDE_1.17.0/STM32CubeIDE/plugins/com.st.stm32cube.ide.mcu.externaltools.gnu-tools-for-stm32.12.3.rel1.win32_1.1.0.202410251130/tools/bin/../lib/gcc/arm-none-eabi/12.3.1/../../../../arm-none-eabi/lib/thumb/v7e-m+fp/hard\libnosys.a
END GROUP
START GROUP
LOAD D:/stm32ide/STM32CubeIDE_1.17.0/STM32CubeIDE/plugins/com.st.stm32cube.ide.mcu.externaltools.gnu-tools-for-stm32.12.3.rel1.win32_1.1.0.202410251130/tools/bin/../lib/gcc/arm-none-eabi/12.3.1/thumb/v7e-m+fp/hard\libgcc.a
LOAD D:/stm32ide/STM32CubeIDE_1.17.0/STM32CubeIDE/plugins/com.st.stm32cube.ide.mcu.externaltools.gnu-tools-for-stm32.12.3.rel1.win32_1.1.0.202410251130/tools/bin/../lib/gcc/arm-none-eabi/12.3.1/../../../../arm-none-eabi/lib/thumb/v7e-m+fp/hard\libc_nano.a
LOAD D:/stm32ide/STM32CubeIDE_1.17.0/STM32CubeIDE/plugins/com.st.stm32cube.ide.mcu.externaltools.gnu-tools-for-stm32.12.3.rel1.win32_1.1.0.202410251130/tools/bin/../lib/gcc/arm-none-eabi/12.3.1/../../../../arm-none-eabi/lib/thumb/v7e-m+fp/hard\libnosys.a
END GROUP
LOAD D:/stm32ide/STM32CubeIDE_1.17.0/STM32CubeIDE/plugins/com.st.stm32cube.ide.mcu.externaltools.gnu-tools-for-stm32.12.3.rel1.win32_1.1.0.202410251130/tools/bin/../lib/gcc/arm-none-eabi/12.3.1/thumb/v7e-m+fp/hard/crtend.o
LOAD D:/stm32ide/STM32CubeIDE_1.17.0/STM32CubeIDE/plugins/com.st.stm32cube.ide.mcu.externaltools.gnu-tools-for-stm32.12.3.rel1.win32_1.1.0.202410251130/tools/bin/../lib/gcc/arm-none-eabi/12.3.1/thumb/v7e-m+fp/hard/crtn.o
                0x20020000                        _estack = (ORIGIN (RAM) + LENGTH (RAM))
                0x00000200                        _Min_Heap_Size = 0x200
                0x00000400                        _Min_Stack_Size = 0x400

.isr_vector     0x08000000      0x188
                0x08000000                        . = ALIGN (0x4)
 *(.isr_vector)
 .isr_vector    0x08000000      0x188 ./Core/Startup/startup_stm32f407vgtx.o
                0x08000000                g_pfnVectors
                0x08000188                        . = ALIGN (0x4)

.text           0x08000188     0x1698
                0x08000188                        . = ALIGN (0x4)
 *(.text)
 .text          0x08000188       0x40 D:/stm32ide/STM32CubeIDE_1.17.0/STM32CubeIDE/plugins/com.st.stm32cube.ide.mcu.externaltools.gnu-tools-for-stm32.12.3.rel1.win32_1.1.0.202410251130/tools/bin/../lib/gcc/arm-none-eabi/12.3.1/thumb/v7e-m+fp/hard/crtbegin.o
 .text          0x080001c8       0x14 D:/stm32ide/STM32CubeIDE_1.17.0/STM32CubeIDE/plugins/com.st.stm32cube.ide.mcu.externaltools.gnu-tools-for-stm32.12.3.rel1.win32_1.1.0.202410251130/tools/bin/../lib/gcc/arm-none-eabi/12.3.1/../../../../arm-none-eabi/lib/thumb/v7e-m+fp/hard\libc_nano.a(libc_a-strcmp.o)
                0x080001c8                strcmp
 .text          0x080001dc       0x10 D:/stm32ide/STM32CubeIDE_1.17.0/STM32CubeIDE/plugins/com.st.stm32cube.ide.mcu.externaltools.gnu-tools-for-stm32.12.3.rel1.win32_1.1.0.202410251130/tools/bin/../lib/gcc/arm-none-eabi/12.3.1/../../../../arm-none-eabi/lib/thumb/v7e-m+fp/hard\libc_nano.a(libc_a-strlen.o)
                0x080001dc                strlen
 .text          0x080001ec       0x30 D:/stm32ide/STM32CubeIDE_1.17.0/STM32CubeIDE/plugins/com.st.stm32cube.ide.mcu.externaltools.gnu-tools-for-stm32.12.3.rel1.win32_1.1.0.202410251130/tools/bin/../lib/gcc/arm-none-eabi/12.3.1/thumb/v7e-m+fp/hard\libgcc.a(_aeabi_uldivmod.o)
                0x080001ec                __aeabi_uldivmod
 .text          0x0800021c      0x2bc D:/stm32ide/STM32CubeIDE_1.17.0/STM32CubeIDE/plugins/com.st.stm32cube.ide.mcu.externaltools.gnu-tools-for-stm32.12.3.rel1.win32_1.1.0.202410251130/tools/bin/../lib/gcc/arm-none-eabi/12.3.1/thumb/v7e-m+fp/hard\libgcc.a(_udivmoddi4.o)
                0x0800021c                __udivmoddi4
 .text          0x080004d8        0x4 D:/stm32ide/STM32CubeIDE_1.17.0/STM32CubeIDE/plugins/com.st.stm32cube.ide.mcu.externaltools.gnu-tools-for-stm32.12.3.rel1.win32_1.1.0.202410251130/tools/bin/../lib/gcc/arm-none-eabi/12.3.1/thumb/v7e-m+fp/hard\libgcc.a(_dvmd_tls.o)
                0x080004d8                __aeabi_idiv0
                0x080004d8                __aeabi_ldiv0
 *(.text*)
 .text.Flash_Read_Data
                0x080004dc       0x3c ./Core/Src/FLASH_SECTOR_F4.o
                0x080004dc                Flash_Read_Data
 .text.Convert_To_Str
                0x08000518       0x80 ./Core/Src/FLASH_SECTOR_F4.o
                0x08000518                Convert_To_Str
 .text.main     0x08000598       0x88 ./Core/Src/main.o
                0x08000598                main
 .text.SystemClock_Config
                0x08000620       0xd4 ./Core/Src/main.o
                0x08000620                SystemClock_Config
 .text.MX_GPIO_Init
                0x080006f4       0xa4 ./Core/Src/main.o
 .text.Error_Handler
                0x08000798        0xc ./Core/Src/main.o
                0x08000798                Error_Handler
 .text.HAL_MspInit
                0x080007a4       0x50 ./Core/Src/stm32f4xx_hal_msp.o
                0x080007a4                HAL_MspInit
 .text.NMI_Handler
                0x080007f4        0x8 ./Core/Src/stm32f4xx_it.o
                0x080007f4                NMI_Handler
 .text.HardFault_Handler
                0x080007fc        0x8 ./Core/Src/stm32f4xx_it.o
                0x080007fc                HardFault_Handler
 .text.MemManage_Handler
                0x08000804        0x8 ./Core/Src/stm32f4xx_it.o
                0x08000804                MemManage_Handler
 .text.BusFault_Handler
                0x0800080c        0x8 ./Core/Src/stm32f4xx_it.o
                0x0800080c                BusFault_Handler
 .text.UsageFault_Handler
                0x08000814        0x8 ./Core/Src/stm32f4xx_it.o
                0x08000814                UsageFault_Handler
 .text.SVC_Handler
                0x0800081c        0xe ./Core/Src/stm32f4xx_it.o
                0x0800081c                SVC_Handler
 .text.DebugMon_Handler
                0x0800082a        0xe ./Core/Src/stm32f4xx_it.o
                0x0800082a                DebugMon_Handler
 .text.PendSV_Handler
                0x08000838        0xe ./Core/Src/stm32f4xx_it.o
                0x08000838                PendSV_Handler
 .text.SysTick_Handler
                0x08000846        0xc ./Core/Src/stm32f4xx_it.o
                0x08000846                SysTick_Handler
 *fill*         0x08000852        0x2 
 .text.SystemInit
                0x08000854       0x24 ./Core/Src/system_stm32f4xx.o
                0x08000854                SystemInit
 .text.Reset_Handler
                0x08000878       0x50 ./Core/Startup/startup_stm32f407vgtx.o
                0x08000878                Reset_Handler
 .text.Default_Handler
                0x080008c8        0x2 ./Core/Startup/startup_stm32f407vgtx.o
                0x080008c8                RTC_Alarm_IRQHandler
                0x080008c8                HASH_RNG_IRQHandler
                0x080008c8                EXTI2_IRQHandler
                0x080008c8                TIM8_CC_IRQHandler
                0x080008c8                TIM1_CC_IRQHandler
                0x080008c8                DMA2_Stream5_IRQHandler
                0x080008c8                DMA1_Stream5_IRQHandler
                0x080008c8                PVD_IRQHandler
                0x080008c8                SDIO_IRQHandler
                0x080008c8                TAMP_STAMP_IRQHandler
                0x080008c8                CAN2_RX1_IRQHandler
                0x080008c8                EXTI3_IRQHandler
                0x080008c8                TIM8_TRG_COM_TIM14_IRQHandler
                0x080008c8                TIM1_UP_TIM10_IRQHandler
                0x080008c8                TIM8_UP_TIM13_IRQHandler
                0x080008c8                I2C3_ER_IRQHandler
                0x080008c8                EXTI0_IRQHandler
                0x080008c8                I2C2_EV_IRQHandler
                0x080008c8                DMA1_Stream2_IRQHandler
                0x080008c8                CAN1_RX0_IRQHandler
                0x080008c8                FPU_IRQHandler
                0x080008c8                OTG_HS_WKUP_IRQHandler
                0x080008c8                CAN2_SCE_IRQHandler
                0x080008c8                DMA2_Stream2_IRQHandler
                0x080008c8                SPI1_IRQHandler
                0x080008c8                TIM6_DAC_IRQHandler
                0x080008c8                TIM1_BRK_TIM9_IRQHandler
                0x080008c8                DCMI_IRQHandler
                0x080008c8                CAN2_RX0_IRQHandler
                0x080008c8                DMA2_Stream3_IRQHandler
                0x080008c8                USART6_IRQHandler
                0x080008c8                USART3_IRQHandler
                0x080008c8                CAN1_RX1_IRQHandler
                0x080008c8                UART5_IRQHandler
                0x080008c8                DMA2_Stream0_IRQHandler
                0x080008c8                TIM4_IRQHandler
                0x080008c8                I2C1_EV_IRQHandler
                0x080008c8                DMA1_Stream6_IRQHandler
                0x080008c8                DMA1_Stream1_IRQHandler
                0x080008c8                UART4_IRQHandler
                0x080008c8                TIM3_IRQHandler
                0x080008c8                RCC_IRQHandler
                0x080008c8                TIM8_BRK_TIM12_IRQHandler
                0x080008c8                Default_Handler
                0x080008c8                EXTI15_10_IRQHandler
                0x080008c8                ADC_IRQHandler
                0x080008c8                DMA1_Stream7_IRQHandler
                0x080008c8                TIM7_IRQHandler
                0x080008c8                CAN2_TX_IRQHandler
                0x080008c8                TIM5_IRQHandler
                0x080008c8                DMA2_Stream7_IRQHandler
                0x080008c8                I2C3_EV_IRQHandler
                0x080008c8                EXTI9_5_IRQHandler
                0x080008c8                RTC_WKUP_IRQHandler
                0x080008c8                ETH_WKUP_IRQHandler
                0x080008c8                SPI2_IRQHandler
                0x080008c8                OTG_HS_EP1_IN_IRQHandler
                0x080008c8                DMA1_Stream0_IRQHandler
                0x080008c8                CAN1_TX_IRQHandler
                0x080008c8                EXTI4_IRQHandler
                0x080008c8                FSMC_IRQHandler
                0x080008c8                ETH_IRQHandler
                0x080008c8                OTG_HS_EP1_OUT_IRQHandler
                0x080008c8                WWDG_IRQHandler
                0x080008c8                TIM2_IRQHandler
                0x080008c8                OTG_FS_WKUP_IRQHandler
                0x080008c8                TIM1_TRG_COM_TIM11_IRQHandler
                0x080008c8                OTG_HS_IRQHandler
                0x080008c8                EXTI1_IRQHandler
                0x080008c8                USART2_IRQHandler
                0x080008c8                I2C2_ER_IRQHandler
                0x080008c8                DMA2_Stream1_IRQHandler
                0x080008c8                CAN1_SCE_IRQHandler
                0x080008c8                FLASH_IRQHandler
                0x080008c8                DMA2_Stream4_IRQHandler
                0x080008c8                USART1_IRQHandler
                0x080008c8                OTG_FS_IRQHandler
                0x080008c8                SPI3_IRQHandler
                0x080008c8                DMA1_Stream4_IRQHandler
                0x080008c8                I2C1_ER_IRQHandler
                0x080008c8                DMA2_Stream6_IRQHandler
                0x080008c8                DMA1_Stream3_IRQHandler
 *fill*         0x080008ca        0x2 
 .text.HAL_Init
                0x080008cc       0x44 ./Drivers/STM32F4xx_HAL_Driver/Src/stm32f4xx_hal.o
                0x080008cc                HAL_Init
 .text.HAL_InitTick
                0x08000910       0x60 ./Drivers/STM32F4xx_HAL_Driver/Src/stm32f4xx_hal.o
                0x08000910                HAL_InitTick
 .text.HAL_IncTick
                0x08000970       0x28 ./Drivers/STM32F4xx_HAL_Driver/Src/stm32f4xx_hal.o
                0x08000970                HAL_IncTick
 .text.HAL_GetTick
                0x08000998       0x18 ./Drivers/STM32F4xx_HAL_Driver/Src/stm32f4xx_hal.o
                0x08000998                HAL_GetTick
 .text.__NVIC_SetPriorityGrouping
                0x080009b0       0x48 ./Drivers/STM32F4xx_HAL_Driver/Src/stm32f4xx_hal_cortex.o
 .text.__NVIC_GetPriorityGrouping
                0x080009f8       0x1c ./Drivers/STM32F4xx_HAL_Driver/Src/stm32f4xx_hal_cortex.o
 .text.__NVIC_SetPriority
                0x08000a14       0x54 ./Drivers/STM32F4xx_HAL_Driver/Src/stm32f4xx_hal_cortex.o
 .text.NVIC_EncodePriority
                0x08000a68       0x66 ./Drivers/STM32F4xx_HAL_Driver/Src/stm32f4xx_hal_cortex.o
 *fill*         0x08000ace        0x2 
 .text.SysTick_Config
                0x08000ad0       0x44 ./Drivers/STM32F4xx_HAL_Driver/Src/stm32f4xx_hal_cortex.o
 .text.HAL_NVIC_SetPriorityGrouping
                0x08000b14       0x16 ./Drivers/STM32F4xx_HAL_Driver/Src/stm32f4xx_hal_cortex.o
                0x08000b14                HAL_NVIC_SetPriorityGrouping
 .text.HAL_NVIC_SetPriority
                0x08000b2a       0x38 ./Drivers/STM32F4xx_HAL_Driver/Src/stm32f4xx_hal_cortex.o
                0x08000b2a                HAL_NVIC_SetPriority
 .text.HAL_SYSTICK_Config
                0x08000b62       0x18 ./Drivers/STM32F4xx_HAL_Driver/Src/stm32f4xx_hal_cortex.o
                0x08000b62                HAL_SYSTICK_Config
 *fill*         0x08000b7a        0x2 
 .text.HAL_GPIO_Init
                0x08000b7c      0x338 ./Drivers/STM32F4xx_HAL_Driver/Src/stm32f4xx_hal_gpio.o
                0x08000b7c                HAL_GPIO_Init
 .text.HAL_GPIO_WritePin
                0x08000eb4       0x32 ./Drivers/STM32F4xx_HAL_Driver/Src/stm32f4xx_hal_gpio.o
                0x08000eb4                HAL_GPIO_WritePin
 *fill*         0x08000ee6        0x2 
 .text.HAL_RCC_OscConfig
                0x08000ee8      0x4f0 ./Drivers/STM32F4xx_HAL_Driver/Src/stm32f4xx_hal_rcc.o
                0x08000ee8                HAL_RCC_OscConfig
 .text.HAL_RCC_ClockConfig
                0x080013d8      0x1cc ./Drivers/STM32F4xx_HAL_Driver/Src/stm32f4xx_hal_rcc.o
                0x080013d8                HAL_RCC_ClockConfig
 .text.HAL_RCC_GetSysClockFreq
                0x080015a4      0x20c ./Drivers/STM32F4xx_HAL_Driver/Src/stm32f4xx_hal_rcc.o
                0x080015a4                HAL_RCC_GetSysClockFreq
 .text.memset   0x080017b0       0x10 D:/stm32ide/STM32CubeIDE_1.17.0/STM32CubeIDE/plugins/com.st.stm32cube.ide.mcu.externaltools.gnu-tools-for-stm32.12.3.rel1.win32_1.1.0.202410251130/tools/bin/../lib/gcc/arm-none-eabi/12.3.1/../../../../arm-none-eabi/lib/thumb/v7e-m+fp/hard\libc_nano.a(libc_a-memset.o)
                0x080017b0                memset
 .text.__libc_init_array
                0x080017c0       0x48 D:/stm32ide/STM32CubeIDE_1.17.0/STM32CubeIDE/plugins/com.st.stm32cube.ide.mcu.externaltools.gnu-tools-for-stm32.12.3.rel1.win32_1.1.0.202410251130/tools/bin/../lib/gcc/arm-none-eabi/12.3.1/../../../../arm-none-eabi/lib/thumb/v7e-m+fp/hard\libc_nano.a(libc_a-init.o)
                0x080017c0                __libc_init_array
 *(.glue_7)
 .glue_7        0x08001808        0x0 linker stubs
 *(.glue_7t)
 .glue_7t       0x08001808        0x0 linker stubs
 *(.eh_frame)
 .eh_frame      0x08001808        0x0 D:/stm32ide/STM32CubeIDE_1.17.0/STM32CubeIDE/plugins/com.st.stm32cube.ide.mcu.externaltools.gnu-tools-for-stm32.12.3.rel1.win32_1.1.0.202410251130/tools/bin/../lib/gcc/arm-none-eabi/12.3.1/thumb/v7e-m+fp/hard/crtbegin.o
 *(.init)
 .init          0x08001808        0x4 D:/stm32ide/STM32CubeIDE_1.17.0/STM32CubeIDE/plugins/com.st.stm32cube.ide.mcu.externaltools.gnu-tools-for-stm32.12.3.rel1.win32_1.1.0.202410251130/tools/bin/../lib/gcc/arm-none-eabi/12.3.1/thumb/v7e-m+fp/hard/crti.o
                0x08001808                _init
 .init          0x0800180c        0x8 D:/stm32ide/STM32CubeIDE_1.17.0/STM32CubeIDE/plugins/com.st.stm32cube.ide.mcu.externaltools.gnu-tools-for-stm32.12.3.rel1.win32_1.1.0.202410251130/tools/bin/../lib/gcc/arm-none-eabi/12.3.1/thumb/v7e-m+fp/hard/crtn.o
 *(.fini)
 .fini          0x08001814        0x4 D:/stm32ide/STM32CubeIDE_1.17.0/STM32CubeIDE/plugins/com.st.stm32cube.ide.mcu.externaltools.gnu-tools-for-stm32.12.3.rel1.win32_1.1.0.202410251130/tools/bin/../lib/gcc/arm-none-eabi/12.3.1/thumb/v7e-m+fp/hard/crti.o
                0x08001814                _fini
 .fini          0x08001818        0x8 D:/stm32ide/STM32CubeIDE_1.17.0/STM32CubeIDE/plugins/com.st.stm32cube.ide.mcu.externaltools.gnu-tools-for-stm32.12.3.rel1.win32_1.1.0.202410251130/tools/bin/../lib/gcc/arm-none-eabi/12.3.1/thumb/v7e-m+fp/hard/crtn.o
                0x08001820                        . = ALIGN (0x4)
                0x08001820                        _etext = .

.vfp11_veneer   0x08001820        0x0
 .vfp11_veneer  0x08001820        0x0 linker stubs

.v4_bx          0x08001820        0x0
 .v4_bx         0x08001820        0x0 linker stubs

.iplt           0x08001820        0x0
 .iplt          0x08001820        0x0 D:/stm32ide/STM32CubeIDE_1.17.0/STM32CubeIDE/plugins/com.st.stm32cube.ide.mcu.externaltools.gnu-tools-for-stm32.12.3.rel1.win32_1.1.0.202410251130/tools/bin/../lib/gcc/arm-none-eabi/12.3.1/thumb/v7e-m+fp/hard/crtbegin.o

.rodata         0x08001820       0x18
                0x08001820                        . = ALIGN (0x4)
 *(.rodata)
 .rodata        0x08001820        0x7 ./Core/Src/main.o
 *(.rodata*)
 *fill*         0x08001827        0x1 
 .rodata.AHBPrescTable
                0x08001828       0x10 ./Core/Src/system_stm32f4xx.o
                0x08001828                AHBPrescTable
                0x08001838                        . = ALIGN (0x4)

.ARM.extab      0x08001838        0x0
                0x08001838                        . = ALIGN (0x4)
 *(.ARM.extab* .gnu.linkonce.armextab.*)
                0x08001838                        . = ALIGN (0x4)

.ARM            0x08001838        0x8
                0x08001838                        . = ALIGN (0x4)
                0x08001838                        __exidx_start = .
 *(.ARM.exidx*)
 .ARM.exidx     0x08001838        0x8 D:/stm32ide/STM32CubeIDE_1.17.0/STM32CubeIDE/plugins/com.st.stm32cube.ide.mcu.externaltools.gnu-tools-for-stm32.12.3.rel1.win32_1.1.0.202410251130/tools/bin/../lib/gcc/arm-none-eabi/12.3.1/../../../../arm-none-eabi/lib/thumb/v7e-m+fp/hard\libc_nano.a(libc_a-strcmp.o)
 .ARM.exidx     0x08001840        0x0 D:/stm32ide/STM32CubeIDE_1.17.0/STM32CubeIDE/plugins/com.st.stm32cube.ide.mcu.externaltools.gnu-tools-for-stm32.12.3.rel1.win32_1.1.0.202410251130/tools/bin/../lib/gcc/arm-none-eabi/12.3.1/../../../../arm-none-eabi/lib/thumb/v7e-m+fp/hard\libc_nano.a(libc_a-strlen.o)
                                  0x8 (size before relaxing)
 .ARM.exidx     0x08001840        0x0 D:/stm32ide/STM32CubeIDE_1.17.0/STM32CubeIDE/plugins/com.st.stm32cube.ide.mcu.externaltools.gnu-tools-for-stm32.12.3.rel1.win32_1.1.0.202410251130/tools/bin/../lib/gcc/arm-none-eabi/12.3.1/thumb/v7e-m+fp/hard\libgcc.a(_udivmoddi4.o)
                                  0x8 (size before relaxing)
                0x08001840                        __exidx_end = .
                0x08001840                        . = ALIGN (0x4)

.preinit_array  0x08001840        0x0
                0x08001840                        . = ALIGN (0x4)
                0x08001840                        PROVIDE (__preinit_array_start = .)
 *(.preinit_array*)
                0x08001840                        PROVIDE (__preinit_array_end = .)
                0x08001840                        . = ALIGN (0x4)

.init_array     0x08001840        0x4
                0x08001840                        . = ALIGN (0x4)
                0x08001840                        PROVIDE (__init_array_start = .)
 *(SORT_BY_NAME(.init_array.*))
 *(.init_array*)
 .init_array    0x08001840        0x4 D:/stm32ide/STM32CubeIDE_1.17.0/STM32CubeIDE/plugins/com.st.stm32cube.ide.mcu.externaltools.gnu-tools-for-stm32.12.3.rel1.win32_1.1.0.202410251130/tools/bin/../lib/gcc/arm-none-eabi/12.3.1/thumb/v7e-m+fp/hard/crtbegin.o
                0x08001844                        PROVIDE (__init_array_end = .)
                0x08001844                        . = ALIGN (0x4)

.fini_array     0x08001844        0x4
                0x08001844                        . = ALIGN (0x4)
                [!provide]                        PROVIDE (__fini_array_start = .)
 *(SORT_BY_NAME(.fini_array.*))
 *(.fini_array*)
 .fini_array    0x08001844        0x4 D:/stm32ide/STM32CubeIDE_1.17.0/STM32CubeIDE/plugins/com.st.stm32cube.ide.mcu.externaltools.gnu-tools-for-stm32.12.3.rel1.win32_1.1.0.202410251130/tools/bin/../lib/gcc/arm-none-eabi/12.3.1/thumb/v7e-m+fp/hard/crtbegin.o
                [!provide]                        PROVIDE (__fini_array_end = .)
                0x08001848                        . = ALIGN (0x4)
                0x08001848                        _sidata = LOADADDR (.data)

.rel.dyn        0x08001848        0x0
 .rel.iplt      0x08001848        0x0 D:/stm32ide/STM32CubeIDE_1.17.0/STM32CubeIDE/plugins/com.st.stm32cube.ide.mcu.externaltools.gnu-tools-for-stm32.12.3.rel1.win32_1.1.0.202410251130/tools/bin/../lib/gcc/arm-none-eabi/12.3.1/thumb/v7e-m+fp/hard/crtbegin.o

.data           0x20000000       0x10 load address 0x08001848
                0x20000000                        . = ALIGN (0x4)
                0x20000000                        _sdata = .
 *(.data)
 *(.data*)
 .data.data     0x20000000        0x4 ./Core/Src/main.o
                0x20000000                data
 .data.SystemCoreClock
                0x20000004        0x4 ./Core/Src/system_stm32f4xx.o
                0x20000004                SystemCoreClock
 .data.uwTickPrio
                0x20000008        0x4 ./Drivers/STM32F4xx_HAL_Driver/Src/stm32f4xx_hal.o
                0x20000008                uwTickPrio
 .data.uwTickFreq
                0x2000000c        0x1 ./Drivers/STM32F4xx_HAL_Driver/Src/stm32f4xx_hal.o
                0x2000000c                uwTickFreq
 *(.RamFunc)
 *(.RamFunc*)
                0x20000010                        . = ALIGN (0x4)
 *fill*         0x2000000d        0x3 
                0x20000010                        _edata = .
                0x08001858                        _siccmram = LOADADDR (.ccmram)

.igot.plt       0x20000010        0x0 load address 0x08001858
 .igot.plt      0x20000010        0x0 D:/stm32ide/STM32CubeIDE_1.17.0/STM32CubeIDE/plugins/com.st.stm32cube.ide.mcu.externaltools.gnu-tools-for-stm32.12.3.rel1.win32_1.1.0.202410251130/tools/bin/../lib/gcc/arm-none-eabi/12.3.1/thumb/v7e-m+fp/hard/crtbegin.o

.ccmram         0x10000000        0x0 load address 0x08001858
                0x10000000                        . = ALIGN (0x4)
                0x10000000                        _sccmram = .
 *(.ccmram)
 *(.ccmram*)
                0x10000000                        . = ALIGN (0x4)
                0x10000000                        _eccmram = .
                0x10000000                        . = ALIGN (0x4)

.bss            0x20000010       0xfc
                0x20000010                        _sbss = .
                0x20000010                        __bss_start__ = _sbss
 *(.bss)
 .bss           0x20000010       0x1c D:/stm32ide/STM32CubeIDE_1.17.0/STM32CubeIDE/plugins/com.st.stm32cube.ide.mcu.externaltools.gnu-tools-for-stm32.12.3.rel1.win32_1.1.0.202410251130/tools/bin/../lib/gcc/arm-none-eabi/12.3.1/thumb/v7e-m+fp/hard/crtbegin.o
 *(.bss*)
 .bss.Rx_Data   0x2000002c       0x78 ./Core/Src/main.o
                0x2000002c                Rx_Data
 .bss.string    0x200000a4       0x64 ./Core/Src/main.o
                0x200000a4                string
 .bss.uwTick    0x20000108        0x4 ./Drivers/STM32F4xx_HAL_Driver/Src/stm32f4xx_hal.o
                0x20000108                uwTick
 *(COMMON)
                0x2000010c                        . = ALIGN (0x4)
                0x2000010c                        _ebss = .
                0x2000010c                        __bss_end__ = _ebss

._user_heap_stack
                0x2000010c      0x604
                0x20000110                        . = ALIGN (0x8)
 *fill*         0x2000010c        0x4 
                [!provide]                        PROVIDE (end = .)
                0x20000110                        PROVIDE (_end = .)
                0x20000310                        . = (. + _Min_Heap_Size)
 *fill*         0x20000110      0x200 
                0x20000710                        . = (. + _Min_Stack_Size)
 *fill*         0x20000310      0x400 
                0x20000710                        . = ALIGN (0x8)

/DISCARD/
 libc.a(*)
 libm.a(*)
 libgcc.a(*)

.ARM.attributes
                0x00000000       0x30
 *(.ARM.attributes)
 .ARM.attributes
                0x00000000       0x22 D:/stm32ide/STM32CubeIDE_1.17.0/STM32CubeIDE/plugins/com.st.stm32cube.ide.mcu.externaltools.gnu-tools-for-stm32.12.3.rel1.win32_1.1.0.202410251130/tools/bin/../lib/gcc/arm-none-eabi/12.3.1/thumb/v7e-m+fp/hard/crti.o
 .ARM.attributes
                0x00000022       0x34 D:/stm32ide/STM32CubeIDE_1.17.0/STM32CubeIDE/plugins/com.st.stm32cube.ide.mcu.externaltools.gnu-tools-for-stm32.12.3.rel1.win32_1.1.0.202410251130/tools/bin/../lib/gcc/arm-none-eabi/12.3.1/thumb/v7e-m+fp/hard/crtbegin.o
 .ARM.attributes
                0x00000056       0x34 ./Core/Src/FLASH_SECTOR_F4.o
 .ARM.attributes
                0x0000008a       0x34 ./Core/Src/main.o
 .ARM.attributes
                0x000000be       0x34 ./Core/Src/stm32f4xx_hal_msp.o
 .ARM.attributes
                0x000000f2       0x34 ./Core/Src/stm32f4xx_it.o
 .ARM.attributes
                0x00000126       0x34 ./Core/Src/system_stm32f4xx.o
 .ARM.attributes
                0x0000015a       0x21 ./Core/Startup/startup_stm32f407vgtx.o
 .ARM.attributes
                0x0000017b       0x34 ./Drivers/STM32F4xx_HAL_Driver/Src/stm32f4xx_hal.o
 .ARM.attributes
                0x000001af       0x34 ./Drivers/STM32F4xx_HAL_Driver/Src/stm32f4xx_hal_cortex.o
 .ARM.attributes
                0x000001e3       0x34 ./Drivers/STM32F4xx_HAL_Driver/Src/stm32f4xx_hal_gpio.o
 .ARM.attributes
                0x00000217       0x34 ./Drivers/STM32F4xx_HAL_Driver/Src/stm32f4xx_hal_rcc.o
 .ARM.attributes
                0x0000024b       0x34 D:/stm32ide/STM32CubeIDE_1.17.0/STM32CubeIDE/plugins/com.st.stm32cube.ide.mcu.externaltools.gnu-tools-for-stm32.12.3.rel1.win32_1.1.0.202410251130/tools/bin/../lib/gcc/arm-none-eabi/12.3.1/../../../../arm-none-eabi/lib/thumb/v7e-m+fp/hard\libc_nano.a(libc_a-memset.o)
 .ARM.attributes
                0x0000027f       0x34 D:/stm32ide/STM32CubeIDE_1.17.0/STM32CubeIDE/plugins/com.st.stm32cube.ide.mcu.externaltools.gnu-tools-for-stm32.12.3.rel1.win32_1.1.0.202410251130/tools/bin/../lib/gcc/arm-none-eabi/12.3.1/../../../../arm-none-eabi/lib/thumb/v7e-m+fp/hard\libc_nano.a(libc_a-init.o)
 .ARM.attributes
                0x000002b3       0x20 D:/stm32ide/STM32CubeIDE_1.17.0/STM32CubeIDE/plugins/com.st.stm32cube.ide.mcu.externaltools.gnu-tools-for-stm32.12.3.rel1.win32_1.1.0.202410251130/tools/bin/../lib/gcc/arm-none-eabi/12.3.1/../../../../arm-none-eabi/lib/thumb/v7e-m+fp/hard\libc_nano.a(libc_a-strcmp.o)
 .ARM.attributes
                0x000002d3       0x17 D:/stm32ide/STM32CubeIDE_1.17.0/STM32CubeIDE/plugins/com.st.stm32cube.ide.mcu.externaltools.gnu-tools-for-stm32.12.3.rel1.win32_1.1.0.202410251130/tools/bin/../lib/gcc/arm-none-eabi/12.3.1/../../../../arm-none-eabi/lib/thumb/v7e-m+fp/hard\libc_nano.a(libc_a-strlen.o)
 .ARM.attributes
                0x000002ea       0x22 D:/stm32ide/STM32CubeIDE_1.17.0/STM32CubeIDE/plugins/com.st.stm32cube.ide.mcu.externaltools.gnu-tools-for-stm32.12.3.rel1.win32_1.1.0.202410251130/tools/bin/../lib/gcc/arm-none-eabi/12.3.1/thumb/v7e-m+fp/hard\libgcc.a(_aeabi_uldivmod.o)
 .ARM.attributes
                0x0000030c       0x34 D:/stm32ide/STM32CubeIDE_1.17.0/STM32CubeIDE/plugins/com.st.stm32cube.ide.mcu.externaltools.gnu-tools-for-stm32.12.3.rel1.win32_1.1.0.202410251130/tools/bin/../lib/gcc/arm-none-eabi/12.3.1/thumb/v7e-m+fp/hard\libgcc.a(_udivmoddi4.o)
 .ARM.attributes
                0x00000340       0x22 D:/stm32ide/STM32CubeIDE_1.17.0/STM32CubeIDE/plugins/com.st.stm32cube.ide.mcu.externaltools.gnu-tools-for-stm32.12.3.rel1.win32_1.1.0.202410251130/tools/bin/../lib/gcc/arm-none-eabi/12.3.1/thumb/v7e-m+fp/hard\libgcc.a(_dvmd_tls.o)
 .ARM.attributes
                0x00000362       0x22 D:/stm32ide/STM32CubeIDE_1.17.0/STM32CubeIDE/plugins/com.st.stm32cube.ide.mcu.externaltools.gnu-tools-for-stm32.12.3.rel1.win32_1.1.0.202410251130/tools/bin/../lib/gcc/arm-none-eabi/12.3.1/thumb/v7e-m+fp/hard/crtn.o
OUTPUT(flash_memory.elf elf32-littlearm)
LOAD linker stubs
LOAD D:/stm32ide/STM32CubeIDE_1.17.0/STM32CubeIDE/plugins/com.st.stm32cube.ide.mcu.externaltools.gnu-tools-for-stm32.12.3.rel1.win32_1.1.0.202410251130/tools/bin/../lib/gcc/arm-none-eabi/12.3.1/../../../../arm-none-eabi/lib/thumb/v7e-m+fp/hard\libc.a
LOAD D:/stm32ide/STM32CubeIDE_1.17.0/STM32CubeIDE/plugins/com.st.stm32cube.ide.mcu.externaltools.gnu-tools-for-stm32.12.3.rel1.win32_1.1.0.202410251130/tools/bin/../lib/gcc/arm-none-eabi/12.3.1/../../../../arm-none-eabi/lib/thumb/v7e-m+fp/hard\libm.a
LOAD D:/stm32ide/STM32CubeIDE_1.17.0/STM32CubeIDE/plugins/com.st.stm32cube.ide.mcu.externaltools.gnu-tools-for-stm32.12.3.rel1.win32_1.1.0.202410251130/tools/bin/../lib/gcc/arm-none-eabi/12.3.1/thumb/v7e-m+fp/hard\libgcc.a

.debug_info     0x00000000     0x3b87
 .debug_info    0x00000000      0x4ed ./Core/Src/FLASH_SECTOR_F4.o
 .debug_info    0x000004ed      0x788 ./Core/Src/main.o
 .debug_info    0x00000c75      0x27c ./Core/Src/stm32f4xx_hal_msp.o
 .debug_info    0x00000ef1      0x112 ./Core/Src/stm32f4xx_it.o
 .debug_info    0x00001003      0x512 ./Core/Src/system_stm32f4xx.o
 .debug_info    0x00001515       0x30 ./Core/Startup/startup_stm32f407vgtx.o
 .debug_info    0x00001545      0x944 ./Drivers/STM32F4xx_HAL_Driver/Src/stm32f4xx_hal.o
 .debug_info    0x00001e89      0xd8c ./Drivers/STM32F4xx_HAL_Driver/Src/stm32f4xx_hal_cortex.o
 .debug_info    0x00002c15      0x6c3 ./Drivers/STM32F4xx_HAL_Driver/Src/stm32f4xx_hal_gpio.o
 .debug_info    0x000032d8      0x8af ./Drivers/STM32F4xx_HAL_Driver/Src/stm32f4xx_hal_rcc.o

.debug_abbrev   0x00000000     0x1115
 .debug_abbrev  0x00000000      0x278 ./Core/Src/FLASH_SECTOR_F4.o
 .debug_abbrev  0x00000278      0x23c ./Core/Src/main.o
 .debug_abbrev  0x000004b4       0xf4 ./Core/Src/stm32f4xx_hal_msp.o
 .debug_abbrev  0x000005a8       0x73 ./Core/Src/stm32f4xx_it.o
 .debug_abbrev  0x0000061b      0x11a ./Core/Src/system_stm32f4xx.o
 .debug_abbrev  0x00000735       0x24 ./Core/Startup/startup_stm32f407vgtx.o
 .debug_abbrev  0x00000759      0x214 ./Drivers/STM32F4xx_HAL_Driver/Src/stm32f4xx_hal.o
 .debug_abbrev  0x0000096d      0x31d ./Drivers/STM32F4xx_HAL_Driver/Src/stm32f4xx_hal_cortex.o
 .debug_abbrev  0x00000c8a      0x1d4 ./Drivers/STM32F4xx_HAL_Driver/Src/stm32f4xx_hal_gpio.o
 .debug_abbrev  0x00000e5e      0x2b7 ./Drivers/STM32F4xx_HAL_Driver/Src/stm32f4xx_hal_rcc.o

.debug_aranges  0x00000000      0x460
 .debug_aranges
                0x00000000       0x58 ./Core/Src/FLASH_SECTOR_F4.o
 .debug_aranges
                0x00000058       0x38 ./Core/Src/main.o
 .debug_aranges
                0x00000090       0x20 ./Core/Src/stm32f4xx_hal_msp.o
 .debug_aranges
                0x000000b0       0x60 ./Core/Src/stm32f4xx_it.o
 .debug_aranges
                0x00000110       0x28 ./Core/Src/system_stm32f4xx.o
 .debug_aranges
                0x00000138       0x28 ./Core/Startup/startup_stm32f407vgtx.o
 .debug_aranges
                0x00000160       0xf0 ./Drivers/STM32F4xx_HAL_Driver/Src/stm32f4xx_hal.o
 .debug_aranges
                0x00000250      0x130 ./Drivers/STM32F4xx_HAL_Driver/Src/stm32f4xx_hal_cortex.o
 .debug_aranges
                0x00000380       0x58 ./Drivers/STM32F4xx_HAL_Driver/Src/stm32f4xx_hal_gpio.o
 .debug_aranges
                0x000003d8       0x88 ./Drivers/STM32F4xx_HAL_Driver/Src/stm32f4xx_hal_rcc.o

.debug_rnglists
                0x00000000      0x325
 .debug_rnglists
                0x00000000       0x40 ./Core/Src/FLASH_SECTOR_F4.o
 .debug_rnglists
                0x00000040       0x28 ./Core/Src/main.o
 .debug_rnglists
                0x00000068       0x13 ./Core/Src/stm32f4xx_hal_msp.o
 .debug_rnglists
                0x0000007b       0x43 ./Core/Src/stm32f4xx_it.o
 .debug_rnglists
                0x000000be       0x1a ./Core/Src/system_stm32f4xx.o
 .debug_rnglists
                0x000000d8       0x19 ./Core/Startup/startup_stm32f407vgtx.o
 .debug_rnglists
                0x000000f1       0xaf ./Drivers/STM32F4xx_HAL_Driver/Src/stm32f4xx_hal.o
 .debug_rnglists
                0x000001a0       0xe0 ./Drivers/STM32F4xx_HAL_Driver/Src/stm32f4xx_hal_cortex.o
 .debug_rnglists
                0x00000280       0x3f ./Drivers/STM32F4xx_HAL_Driver/Src/stm32f4xx_hal_gpio.o
 .debug_rnglists
                0x000002bf       0x66 ./Drivers/STM32F4xx_HAL_Driver/Src/stm32f4xx_hal_rcc.o

.debug_macro    0x00000000    0x1fa1f
 .debug_macro   0x00000000      0x2bc ./Core/Src/FLASH_SECTOR_F4.o
 .debug_macro   0x000002bc      0xab4 ./Core/Src/FLASH_SECTOR_F4.o
 .debug_macro   0x00000d70       0x22 ./Core/Src/FLASH_SECTOR_F4.o
 .debug_macro   0x00000d92       0x8e ./Core/Src/FLASH_SECTOR_F4.o
 .debug_macro   0x00000e20       0x51 ./Core/Src/FLASH_SECTOR_F4.o
 .debug_macro   0x00000e71      0x103 ./Core/Src/FLASH_SECTOR_F4.o
 .debug_macro   0x00000f74       0x6a ./Core/Src/FLASH_SECTOR_F4.o
 .debug_macro   0x00000fde      0x1df ./Core/Src/FLASH_SECTOR_F4.o
 .debug_macro   0x000011bd      0x28f ./Core/Src/FLASH_SECTOR_F4.o
 .debug_macro   0x0000144c       0x2e ./Core/Src/FLASH_SECTOR_F4.o
 .debug_macro   0x0000147a       0x2f ./Core/Src/FLASH_SECTOR_F4.o
 .debug_macro   0x000014a9       0x1c ./Core/Src/FLASH_SECTOR_F4.o
 .debug_macro   0x000014c5       0x22 ./Core/Src/FLASH_SECTOR_F4.o
 .debug_macro   0x000014e7       0xfb ./Core/Src/FLASH_SECTOR_F4.o
 .debug_macro   0x000015e2     0x1011 ./Core/Src/FLASH_SECTOR_F4.o
 .debug_macro   0x000025f3      0x11f ./Core/Src/FLASH_SECTOR_F4.o
 .debug_macro   0x00002712    0x15e97 ./Core/Src/FLASH_SECTOR_F4.o
 .debug_macro   0x000185a9       0x6d ./Core/Src/FLASH_SECTOR_F4.o
 .debug_macro   0x00018616     0x369a ./Core/Src/FLASH_SECTOR_F4.o
 .debug_macro   0x0001bcb0      0x189 ./Core/Src/FLASH_SECTOR_F4.o
 .debug_macro   0x0001be39       0x5c ./Core/Src/FLASH_SECTOR_F4.o
 .debug_macro   0x0001be95      0x980 ./Core/Src/FLASH_SECTOR_F4.o
 .debug_macro   0x0001c815      0x9e9 ./Core/Src/FLASH_SECTOR_F4.o
 .debug_macro   0x0001d1fe      0x115 ./Core/Src/FLASH_SECTOR_F4.o
 .debug_macro   0x0001d313      0x13e ./Core/Src/FLASH_SECTOR_F4.o
 .debug_macro   0x0001d451       0xa5 ./Core/Src/FLASH_SECTOR_F4.o
 .debug_macro   0x0001d4f6      0x174 ./Core/Src/FLASH_SECTOR_F4.o
 .debug_macro   0x0001d66a      0x287 ./Core/Src/FLASH_SECTOR_F4.o
 .debug_macro   0x0001d8f1       0x5f ./Core/Src/FLASH_SECTOR_F4.o
 .debug_macro   0x0001d950      0x236 ./Core/Src/FLASH_SECTOR_F4.o
 .debug_macro   0x0001db86      0x12c ./Core/Src/FLASH_SECTOR_F4.o
 .debug_macro   0x0001dcb2      0x21e ./Core/Src/FLASH_SECTOR_F4.o
 .debug_macro   0x0001ded0       0x2e ./Core/Src/FLASH_SECTOR_F4.o
 .debug_macro   0x0001defe      0x127 ./Core/Src/FLASH_SECTOR_F4.o
 .debug_macro   0x0001e025       0x7e ./Core/Src/FLASH_SECTOR_F4.o
 .debug_macro   0x0001e0a3       0x89 ./Core/Src/FLASH_SECTOR_F4.o
 .debug_macro   0x0001e12c      0x12d ./Core/Src/FLASH_SECTOR_F4.o
 .debug_macro   0x0001e259       0x61 ./Core/Src/FLASH_SECTOR_F4.o
 .debug_macro   0x0001e2ba       0x2a ./Core/Src/FLASH_SECTOR_F4.o
 .debug_macro   0x0001e2e4       0x43 ./Core/Src/FLASH_SECTOR_F4.o
 .debug_macro   0x0001e327       0x34 ./Core/Src/FLASH_SECTOR_F4.o
 .debug_macro   0x0001e35b       0x16 ./Core/Src/FLASH_SECTOR_F4.o
 .debug_macro   0x0001e371       0x43 ./Core/Src/FLASH_SECTOR_F4.o
 .debug_macro   0x0001e3b4       0x34 ./Core/Src/FLASH_SECTOR_F4.o
 .debug_macro   0x0001e3e8       0x10 ./Core/Src/FLASH_SECTOR_F4.o
 .debug_macro   0x0001e3f8       0x58 ./Core/Src/FLASH_SECTOR_F4.o
 .debug_macro   0x0001e450       0x8e ./Core/Src/FLASH_SECTOR_F4.o
 .debug_macro   0x0001e4de       0x1c ./Core/Src/FLASH_SECTOR_F4.o
 .debug_macro   0x0001e4fa      0x177 ./Core/Src/FLASH_SECTOR_F4.o
 .debug_macro   0x0001e671      0x369 ./Core/Src/FLASH_SECTOR_F4.o
 .debug_macro   0x0001e9da       0x10 ./Core/Src/FLASH_SECTOR_F4.o
 .debug_macro   0x0001e9ea       0x35 ./Core/Src/FLASH_SECTOR_F4.o
 .debug_macro   0x0001ea1f       0x20 ./Core/Src/FLASH_SECTOR_F4.o
 .debug_macro   0x0001ea3f       0x1c ./Core/Src/FLASH_SECTOR_F4.o
 .debug_macro   0x0001ea5b       0x10 ./Core/Src/FLASH_SECTOR_F4.o
 .debug_macro   0x0001ea6b       0x1c ./Core/Src/FLASH_SECTOR_F4.o
 .debug_macro   0x0001ea87       0x16 ./Core/Src/FLASH_SECTOR_F4.o
 .debug_macro   0x0001ea9d      0x146 ./Core/Src/FLASH_SECTOR_F4.o
 .debug_macro   0x0001ebe3      0x1c4 ./Core/Src/main.o
 .debug_macro   0x0001eda7      0x1ba ./Core/Src/stm32f4xx_hal_msp.o
 .debug_macro   0x0001ef61      0x1c4 ./Core/Src/stm32f4xx_it.o
 .debug_macro   0x0001f125      0x1b0 ./Core/Src/system_stm32f4xx.o
 .debug_macro   0x0001f2d5      0x210 ./Drivers/STM32F4xx_HAL_Driver/Src/stm32f4xx_hal.o
 .debug_macro   0x0001f4e5      0x1b0 ./Drivers/STM32F4xx_HAL_Driver/Src/stm32f4xx_hal_cortex.o
 .debug_macro   0x0001f695      0x1b6 ./Drivers/STM32F4xx_HAL_Driver/Src/stm32f4xx_hal_gpio.o
 .debug_macro   0x0001f84b      0x1d4 ./Drivers/STM32F4xx_HAL_Driver/Src/stm32f4xx_hal_rcc.o

.debug_line     0x00000000     0x5a20
 .debug_line    0x00000000      0xb14 ./Core/Src/FLASH_SECTOR_F4.o
 .debug_line    0x00000b14      0x7f5 ./Core/Src/main.o
 .debug_line    0x00001309      0x716 ./Core/Src/stm32f4xx_hal_msp.o
 .debug_line    0x00001a1f      0x7d8 ./Core/Src/stm32f4xx_it.o
 .debug_line    0x000021f7      0x79a ./Core/Src/system_stm32f4xx.o
 .debug_line    0x00002991       0x7a ./Core/Startup/startup_stm32f407vgtx.o
 .debug_line    0x00002a0b      0xa03 ./Drivers/STM32F4xx_HAL_Driver/Src/stm32f4xx_hal.o
 .debug_line    0x0000340e      0xcf5 ./Drivers/STM32F4xx_HAL_Driver/Src/stm32f4xx_hal_cortex.o
 .debug_line    0x00004103      0xb8f ./Drivers/STM32F4xx_HAL_Driver/Src/stm32f4xx_hal_gpio.o
 .debug_line    0x00004c92      0xd8e ./Drivers/STM32F4xx_HAL_Driver/Src/stm32f4xx_hal_rcc.o

.debug_str      0x00000000    0xbfd17
 .debug_str     0x00000000    0xbe580 ./Core/Src/FLASH_SECTOR_F4.o
                              0xbe84a (size before relaxing)
 .debug_str     0x000be580      0x385 ./Core/Src/main.o
                              0xbb26c (size before relaxing)
 .debug_str     0x000be905       0x49 ./Core/Src/stm32f4xx_hal_msp.o
                              0xbaf8d (size before relaxing)
 .debug_str     0x000be94e       0xc9 ./Core/Src/stm32f4xx_it.o
                              0xbaef6 (size before relaxing)
 .debug_str     0x000bea17       0xdb ./Core/Src/system_stm32f4xx.o
                              0xbb020 (size before relaxing)
 .debug_str     0x000beaf2       0x44 ./Core/Startup/startup_stm32f407vgtx.o
                                 0x69 (size before relaxing)
 .debug_str     0x000beb36      0xaea ./Drivers/STM32F4xx_HAL_Driver/Src/stm32f4xx_hal.o
                              0xbbba4 (size before relaxing)
 .debug_str     0x000bf620      0x3a3 ./Drivers/STM32F4xx_HAL_Driver/Src/stm32f4xx_hal_cortex.o
                              0xbb920 (size before relaxing)
 .debug_str     0x000bf9c3      0x12c ./Drivers/STM32F4xx_HAL_Driver/Src/stm32f4xx_hal_gpio.o
                              0xbb19b (size before relaxing)
 .debug_str     0x000bfaef      0x228 ./Drivers/STM32F4xx_HAL_Driver/Src/stm32f4xx_hal_rcc.o
                              0xbb454 (size before relaxing)

.comment        0x00000000       0x43
 .comment       0x00000000       0x43 ./Core/Src/FLASH_SECTOR_F4.o
                                 0x44 (size before relaxing)
 .comment       0x00000043       0x44 ./Core/Src/main.o
 .comment       0x00000043       0x44 ./Core/Src/stm32f4xx_hal_msp.o
 .comment       0x00000043       0x44 ./Core/Src/stm32f4xx_it.o
 .comment       0x00000043       0x44 ./Core/Src/system_stm32f4xx.o
 .comment       0x00000043       0x44 ./Drivers/STM32F4xx_HAL_Driver/Src/stm32f4xx_hal.o
 .comment       0x00000043       0x44 ./Drivers/STM32F4xx_HAL_Driver/Src/stm32f4xx_hal_cortex.o
 .comment       0x00000043       0x44 ./Drivers/STM32F4xx_HAL_Driver/Src/stm32f4xx_hal_gpio.o
 .comment       0x00000043       0x44 ./Drivers/STM32F4xx_HAL_Driver/Src/stm32f4xx_hal_rcc.o

.debug_frame    0x00000000      0xff0
 .debug_frame   0x00000000      0x148 ./Core/Src/FLASH_SECTOR_F4.o
 .debug_frame   0x00000148       0x90 ./Core/Src/main.o
 .debug_frame   0x000001d8       0x34 ./Core/Src/stm32f4xx_hal_msp.o
 .debug_frame   0x0000020c      0x104 ./Core/Src/stm32f4xx_it.o
 .debug_frame   0x00000310       0x58 ./Core/Src/system_stm32f4xx.o
 .debug_frame   0x00000368      0x374 ./Drivers/STM32F4xx_HAL_Driver/Src/stm32f4xx_hal.o
 .debug_frame   0x000006dc      0x508 ./Drivers/STM32F4xx_HAL_Driver/Src/stm32f4xx_hal_cortex.o
 .debug_frame   0x00000be4      0x14c ./Drivers/STM32F4xx_HAL_Driver/Src/stm32f4xx_hal_gpio.o
 .debug_frame   0x00000d30      0x1f4 ./Drivers/STM32F4xx_HAL_Driver/Src/stm32f4xx_hal_rcc.o
 .debug_frame   0x00000f24       0x20 D:/stm32ide/STM32CubeIDE_1.17.0/STM32CubeIDE/plugins/com.st.stm32cube.ide.mcu.externaltools.gnu-tools-for-stm32.12.3.rel1.win32_1.1.0.202410251130/tools/bin/../lib/gcc/arm-none-eabi/12.3.1/../../../../arm-none-eabi/lib/thumb/v7e-m+fp/hard\libc_nano.a(libc_a-memset.o)
 .debug_frame   0x00000f44       0x2c D:/stm32ide/STM32CubeIDE_1.17.0/STM32CubeIDE/plugins/com.st.stm32cube.ide.mcu.externaltools.gnu-tools-for-stm32.12.3.rel1.win32_1.1.0.202410251130/tools/bin/../lib/gcc/arm-none-eabi/12.3.1/../../../../arm-none-eabi/lib/thumb/v7e-m+fp/hard\libc_nano.a(libc_a-init.o)
 .debug_frame   0x00000f70       0x20 D:/stm32ide/STM32CubeIDE_1.17.0/STM32CubeIDE/plugins/com.st.stm32cube.ide.mcu.externaltools.gnu-tools-for-stm32.12.3.rel1.win32_1.1.0.202410251130/tools/bin/../lib/gcc/arm-none-eabi/12.3.1/../../../../arm-none-eabi/lib/thumb/v7e-m+fp/hard\libc_nano.a(libc_a-strcmp.o)
 .debug_frame   0x00000f90       0x2c D:/stm32ide/STM32CubeIDE_1.17.0/STM32CubeIDE/plugins/com.st.stm32cube.ide.mcu.externaltools.gnu-tools-for-stm32.12.3.rel1.win32_1.1.0.202410251130/tools/bin/../lib/gcc/arm-none-eabi/12.3.1/thumb/v7e-m+fp/hard\libgcc.a(_aeabi_uldivmod.o)
 .debug_frame   0x00000fbc       0x34 D:/stm32ide/STM32CubeIDE_1.17.0/STM32CubeIDE/plugins/com.st.stm32cube.ide.mcu.externaltools.gnu-tools-for-stm32.12.3.rel1.win32_1.1.0.202410251130/tools/bin/../lib/gcc/arm-none-eabi/12.3.1/thumb/v7e-m+fp/hard\libgcc.a(_udivmoddi4.o)

.debug_line_str
                0x00000000       0x4d
 .debug_line_str
                0x00000000       0x4d ./Core/Startup/startup_stm32f407vgtx.o
